// Jest Snapshot v1, https://goo.gl/fbAQLP

exports[`JobTypeBadge.vue should match snapshot, if there jobType is not falsy 1`] = `
<span class="listing-type tag-post-type test-class-name"><a itemprop="employmentType" class="tag-post-type">
    test
  </a></span>
`;
